// Jest Snapshot v1, https://goo.gl/fbAQLP

exports[`Calendar renders 1`] = `
<DocumentFragment>
  <div
    class="chakra-container css-1ajyfvc"
  >
    <div
      class="chakra-stack css-1iv4t3s"
    >
      <h2
        class="chakra-heading css-eo8fjx"
      >
        Meals
      </h2>
      <p
        class="chakra-text css-1u8qly9"
      >
        There's nothing on your menu yet
      </p>
      <button
        class="chakra-button css-1u0s644"
        type="button"
      >
        <span
          class="chakra-button__icon css-ws6tz2"
        >
          <svg
            aria-hidden="true"
            fill="currentColor"
            focusable="false"
            height="1em"
            stroke="currentColor"
            stroke-width="0"
            viewBox="0 0 24 24"
            width="1em"
            xmlns="http://www.w3.org/2000/svg"
          >
            <path
              d="M19 13h-6v6h-2v-6H5v-2h6V5h2v6h6v2z"
            />
          </svg>
        </span>
        Add a meal
      </button>
    </div>
  </div>
</DocumentFragment>
`;
